main.c:96:5:main	136	static
main.c:198:6:SystemClock_Config	72	static
main.c:237:13:MX_I2C2_Init	8	static
main.c:271:13:MX_SPI1_Init	8	static
main.c:309:13:MX_TIM3_Init	56	static
main.c:373:13:MX_TIM4_Init	56	static
main.c:437:13:MX_USART2_UART_Init	8	static
main.c:470:13:MX_GPIO_Init	40	static
main.c:502:6:StartDefaultTask	16	static
main.c:520:6:HLW8012_func	16	static
main.c:542:6:OLED_func	16	static
main.c:577:6:ESP8266_func	16	static
main.c:596:6:HAL_TIM_PeriodElapsedCallback	16	static
main.c:613:6:Error_Handler	4	static,ignoring_inline_asm
