main.c:111:6:SPI1_Send	16	static
main.c:116:6:SPI1_Recv	16	static
main.c:120:6:W25_Reset	8	static
main.c:128:6:WriteEnable_flash	8	static
main.c:136:6:W25_Read_Data	24	static
main.c:147:6:W25_Write_Data	24	static
main.c:160:10:W25_Read_ID	16	static
main.c:170:6:W25_Ini	16	static
main.c:180:6:erase_sector4KB	16	static
main.c:193:6:erase_sector32KB	16	static
main.c:204:6:erase_sector64KB	16	static
main.c:215:6:chip_erase	8	static
main.c:223:6:Uinque_ID	16	static
main.c:229:6:WriteSR	16	static
main.c:239:9:ReadSR	24	static
main.c:249:6:WaitForWriteEnd	16	static
main.c:282:5:main	104	static
main.c:364:6:SystemClock_Config	72	static
main.c:403:13:MX_SPI1_Init	8	static
main.c:441:13:MX_USART1_UART_Init	8	static
main.c:474:13:MX_GPIO_Init	40	static
main.c:516:6:StartDefaultTask	16	static
main.c:537:6:StartTask02	16	static
main.c:558:6:StartTask03	16	static
main.c:597:6:HAL_TIM_PeriodElapsedCallback	16	static
main.c:614:6:Error_Handler	4	static,ignoring_inline_asm
